******************************************************************************
            TI ARM Clang Linker PC v2.1.3                      
******************************************************************************
>> Linked Thu Nov 23 12:39:24 2023

OUTPUT FILE NAME:   <7seg-mspm0g3507.out>
ENTRY POINT SYMBOL: "_c_int00_noargs"  address: 00000411


MEMORY CONFIGURATION

         name            origin    length      used     unused   attr    fill
----------------------  --------  ---------  --------  --------  ----  --------
  FLASH                 00000000   00020000  000004b0  0001fb50  R  X
  SRAM                  20200000   00008000  00000208  00007df8  RW X
  BCR_CONFIG            41c00000   00000080  00000000  00000080  R   
  BSL_CONFIG            41c00100   00000080  00000000  00000080  R   


SEGMENT ALLOCATION MAP

run origin  load origin   length   init length attrs members
----------  ----------- ---------- ----------- ----- -------
00000000    00000000    000004b0   000004b0    r-x
  00000000    00000000    000000c0   000000c0    r-- .intvecs
  000000c0    000000c0    000003c0   000003c0    r-x .text
  00000480    00000480    00000010   00000010    r-- .rodata
  00000490    00000490    00000020   00000020    r-- .cinit
20200000    20200000    00000008   00000000    rw-
  20200000    20200000    00000008   00000000    rw- .data
20207e00    20207e00    00000200   00000000    rw-
  20207e00    20207e00    00000200   00000000    rw- .stack


SECTION ALLOCATION MAP

 output                                  attributes/
section   page    origin      length       input sections
--------  ----  ----------  ----------   ----------------
.intvecs   0    00000000    000000c0     
                  00000000    000000c0     startup_mspm0g3507_ticlang.o (.intvecs)

.text      0    000000c0    000003c0     
                  000000c0    0000016c     7seg.o (.text.main)
                  0000022c    0000009a     libc.a : memcpy16.S.obj (.text:memcpy)
                  000002c6    00000002     startup_mspm0g3507_ticlang.o (.text.Default_Handler)
                  000002c8    00000068     libc.a : copy_decompress_lzss.c.obj (.text:decompress:lzss)
                  00000330    00000040     ti_msp_dl_config.o (.text.SYSCFG_DL_GPIO_init)
                  00000370    0000003c     libc.a : autoinit.c.obj (.text:__TI_auto_init_nobinit_nopinit)
                  000003ac    00000038     ti_msp_dl_config.o (.text.SYSCFG_DL_SYSCTL_init)
                  000003e4    0000002c     ti_msp_dl_config.o (.text.SYSCFG_DL_initPower)
                  00000410    00000028     libc.a : boot_cortex_m.c.obj (.text:_c_int00_noargs)
                  00000438    00000012            : copy_decompress_none.c.obj (.text:decompress:none)
                  0000044a    00000010     driverlib.a : dl_common.o (.text.DL_Common_delayCycles)
                  0000045a    00000010     ti_msp_dl_config.o (.text.SYSCFG_DL_init)
                  0000046a    00000002     --HOLE-- [fill = 0]
                  0000046c    00000008     libclang_rt.builtins.a : aeabi_memcpy.S.obj (.text)
                  00000474    00000004     startup_mspm0g3507_ticlang.o (.text.Reset_Handler)
                  00000478    00000004     libc.a : pre_init.c.obj (.text._system_pre_init)
                  0000047c    00000004            : exit.c.obj (.text:abort)

.cinit     0    00000490    00000020     
                  00000490    0000000b     (.cinit..data.load) [load image, compression = lzss]
                  0000049b    00000001     --HOLE-- [fill = 0]
                  0000049c    00000008     (__TI_handler_table)
                  000004a4    00000008     (__TI_cinit_table)
                  000004ac    00000004     --HOLE-- [fill = 0]

.rodata    0    00000480    00000010     
                  00000480    0000000a     7seg.o (.rodata.segmentPatterns)
                  0000048a    00000006     --HOLE-- [fill = 0]

.init_array 
*          0    00000000    00000000     UNINITIALIZED

.binit     0    00000000    00000000     

.data      0    20200000    00000008     UNINITIALIZED
                  20200000    00000004     7seg.o (.data.Mask1)
                  20200004    00000004     7seg.o (.data.Mask2)

.stack     0    20207e00    00000200     UNINITIALIZED
                  20207e00    00000004     libc.a : boot_cortex_m.c.obj (.stack)
                  20207e04    000001fc     --HOLE--

__llvm_prf_cnts 
*          0    20200000    00000000     UNINITIALIZED

__llvm_prf_bits 
*          0    20200000    00000000     UNINITIALIZED

MODULE SUMMARY

       Module                         code   ro data   rw data
       ------                         ----   -------   -------
    .\
       7seg.o                         364    10        8      
    +--+------------------------------+------+---------+---------+
       Total:                         364    10        8      
                                                              
    .\syscfg\
       ti_msp_dl_config.o             180    0         0      
    +--+------------------------------+------+---------+---------+
       Total:                         180    0         0      
                                                              
    .\ticlang\
       startup_mspm0g3507_ticlang.o   6      192       0      
    +--+------------------------------+------+---------+---------+
       Total:                         6      192       0      
                                                              
    C:/ti/mspm0_sdk_1_20_00_05/source/ti/driverlib/lib/ticlang/m0p/mspm0g1x0x_g3x0x/driverlib.a
       dl_common.o                    16     0         0      
    +--+------------------------------+------+---------+---------+
       Total:                         16     0         0      
                                                              
    C:\ti\ccstheia110\ccs\tools\compiler\ti-cgt-armllvm_2.1.3.LTS\lib\armv6m-ti-none-eabi/c/libc.a
       memcpy16.S.obj                 154    0         0      
       copy_decompress_lzss.c.obj     104    0         0      
       autoinit.c.obj                 60     0         0      
       boot_cortex_m.c.obj            40     0         0      
       copy_decompress_none.c.obj     18     0         0      
       exit.c.obj                     4      0         0      
       pre_init.c.obj                 4      0         0      
    +--+------------------------------+------+---------+---------+
       Total:                         384    0         0      
                                                              
    C:\ti\ccstheia110\ccs\tools\compiler\ti-cgt-armllvm_2.1.3.LTS\lib\clang/14.0.6/lib/armv6m-ti-none-eabi/libclang_rt.builtins.a
       aeabi_memcpy.S.obj             8      0         0      
    +--+------------------------------+------+---------+---------+
       Total:                         8      0         0      
                                                              
       Stack:                         0      0         512    
       Linker Generated:              0      27        0      
    +--+------------------------------+------+---------+---------+
       Grand Total:                   958    229       520    


LINKER GENERATED COPY TABLES

__TI_cinit_table @ 000004a4 records: 1, size/record: 8, table size: 8
	.data: load addr=00000490, load size=0000000b bytes, run addr=20200000, run size=00000008 bytes, compression=lzss


LINKER GENERATED HANDLER TABLE

__TI_handler_table @ 0000049c records: 2, size/record: 4, table size: 8
	index: 0, handler: __TI_decompress_lzss
	index: 1, handler: __TI_decompress_none


GLOBAL SYMBOLS: SORTED ALPHABETICALLY BY Name 

address   name                          
-------   ----                          
000002c7  ADC0_IRQHandler               
000002c7  ADC1_IRQHandler               
000002c7  AES_IRQHandler                
0000047c  C$$EXIT                       
000002c7  CANFD0_IRQHandler             
000002c7  DAC0_IRQHandler               
0000044b  DL_Common_delayCycles         
000002c7  DMA_IRQHandler                
000002c7  Default_Handler               
000002c7  GROUP0_IRQHandler             
000002c7  GROUP1_IRQHandler             
000002c7  HardFault_Handler             
000002c7  I2C0_IRQHandler               
000002c7  I2C1_IRQHandler               
20200000  Mask1                         
20200004  Mask2                         
000002c7  NMI_Handler                   
000002c7  PendSV_Handler                
000002c7  RTC_IRQHandler                
00000475  Reset_Handler                 
000002c7  SPI0_IRQHandler               
000002c7  SPI1_IRQHandler               
000002c7  SVC_Handler                   
00000331  SYSCFG_DL_GPIO_init           
000003ad  SYSCFG_DL_SYSCTL_init         
0000045b  SYSCFG_DL_init                
000003e5  SYSCFG_DL_initPower           
000002c7  SysTick_Handler               
000002c7  TIMA0_IRQHandler              
000002c7  TIMA1_IRQHandler              
000002c7  TIMG0_IRQHandler              
000002c7  TIMG12_IRQHandler             
000002c7  TIMG6_IRQHandler              
000002c7  TIMG7_IRQHandler              
000002c7  TIMG8_IRQHandler              
000002c7  UART0_IRQHandler              
000002c7  UART1_IRQHandler              
000002c7  UART2_IRQHandler              
000002c7  UART3_IRQHandler              
20208000  __STACK_END                   
00000200  __STACK_SIZE                  
000004a4  __TI_CINIT_Base               
000004ac  __TI_CINIT_Limit              
000004ac  __TI_CINIT_Warm               
0000049c  __TI_Handler_Table_Base       
000004a4  __TI_Handler_Table_Limit      
00000371  __TI_auto_init_nobinit_nopinit
000002c9  __TI_decompress_lzss          
00000439  __TI_decompress_none          
ffffffff  __TI_pprof_out_hndl           
ffffffff  __TI_prof_data_size           
ffffffff  __TI_prof_data_start          
00000000  __TI_static_base__            
0000046d  __aeabi_memcpy                
0000046d  __aeabi_memcpy4               
0000046d  __aeabi_memcpy8               
ffffffff  __binit__                     
UNDEFED   __mpu_init                    
20207e00  __stack                       
20200000  __start___llvm_prf_bits       
20200000  __start___llvm_prf_cnts       
20200000  __stop___llvm_prf_bits        
20200000  __stop___llvm_prf_cnts        
00000411  _c_int00_noargs               
UNDEFED   _system_post_cinit            
00000479  _system_pre_init              
0000047d  abort                         
ffffffff  binit                         
00000000  interruptVectors              
000000c1  main                          
0000022d  memcpy                        
00000480  segmentPatterns               


GLOBAL SYMBOLS: SORTED BY Symbol Address 

address   name                          
-------   ----                          
00000000  __TI_static_base__            
00000000  interruptVectors              
000000c1  main                          
00000200  __STACK_SIZE                  
0000022d  memcpy                        
000002c7  ADC0_IRQHandler               
000002c7  ADC1_IRQHandler               
000002c7  AES_IRQHandler                
000002c7  CANFD0_IRQHandler             
000002c7  DAC0_IRQHandler               
000002c7  DMA_IRQHandler                
000002c7  Default_Handler               
000002c7  GROUP0_IRQHandler             
000002c7  GROUP1_IRQHandler             
000002c7  HardFault_Handler             
000002c7  I2C0_IRQHandler               
000002c7  I2C1_IRQHandler               
000002c7  NMI_Handler                   
000002c7  PendSV_Handler                
000002c7  RTC_IRQHandler                
000002c7  SPI0_IRQHandler               
000002c7  SPI1_IRQHandler               
000002c7  SVC_Handler                   
000002c7  SysTick_Handler               
000002c7  TIMA0_IRQHandler              
000002c7  TIMA1_IRQHandler              
000002c7  TIMG0_IRQHandler              
000002c7  TIMG12_IRQHandler             
000002c7  TIMG6_IRQHandler              
000002c7  TIMG7_IRQHandler              
000002c7  TIMG8_IRQHandler              
000002c7  UART0_IRQHandler              
000002c7  UART1_IRQHandler              
000002c7  UART2_IRQHandler              
000002c7  UART3_IRQHandler              
000002c9  __TI_decompress_lzss          
00000331  SYSCFG_DL_GPIO_init           
00000371  __TI_auto_init_nobinit_nopinit
000003ad  SYSCFG_DL_SYSCTL_init         
000003e5  SYSCFG_DL_initPower           
00000411  _c_int00_noargs               
00000439  __TI_decompress_none          
0000044b  DL_Common_delayCycles         
0000045b  SYSCFG_DL_init                
0000046d  __aeabi_memcpy                
0000046d  __aeabi_memcpy4               
0000046d  __aeabi_memcpy8               
00000475  Reset_Handler                 
00000479  _system_pre_init              
0000047c  C$$EXIT                       
0000047d  abort                         
00000480  segmentPatterns               
0000049c  __TI_Handler_Table_Base       
000004a4  __TI_CINIT_Base               
000004a4  __TI_Handler_Table_Limit      
000004ac  __TI_CINIT_Limit              
000004ac  __TI_CINIT_Warm               
20200000  Mask1                         
20200000  __start___llvm_prf_bits       
20200000  __start___llvm_prf_cnts       
20200000  __stop___llvm_prf_bits        
20200000  __stop___llvm_prf_cnts        
20200004  Mask2                         
20207e00  __stack                       
20208000  __STACK_END                   
ffffffff  __TI_pprof_out_hndl           
ffffffff  __TI_prof_data_size           
ffffffff  __TI_prof_data_start          
ffffffff  __binit__                     
ffffffff  binit                         
UNDEFED   __mpu_init                    
UNDEFED   _system_post_cinit            

[72 symbols]
